Copyright 1986-2018 Xilinx, Inc. All Rights Reserved.
-------------------------------------------------------------------------------------------------------------------------------------------------------------------
| Tool Version     : Vivado v.2018.2 (win64) Build 2258646 Thu Jun 14 20:03:12 MDT 2018
| Date             : Fri May 29 15:05:37 2026
| Host             : CS152B-05 running 64-bit major release  (build 9200)
| Command          : report_power -file basys3_comm_top_power_routed.rpt -pb basys3_comm_top_power_summary_routed.pb -rpx basys3_comm_top_power_routed.rpx
| Design           : basys3_comm_top
| Device           : xc7a35tcpg236-1
| Design State     : routed
| Grade            : commercial
| Process          : typical
| Characterization : Production
-------------------------------------------------------------------------------------------------------------------------------------------------------------------

Power Report

Table of Contents
-----------------
1. Summary
1.1 On-Chip Components
1.2 Power Supply Summary
1.3 Confidence Level
2. Settings
2.1 Environment
2.2 Clock Constraints
3. Detailed Reports
3.1 By Hierarchy

1. Summary
----------

+--------------------------+--------------+
| Total On-Chip Power (W)  | 0.200        |
| Design Power Budget (W)  | Unspecified* |
| Power Budget Margin (W)  | NA           |
| Dynamic (W)              | 0.126        |
| Device Static (W)        | 0.074        |
| Effective TJA (C/W)      | 5.0          |
| Max Ambient (C)          | 84.0         |
| Junction Temperature (C) | 26.0         |
| Confidence Level         | Low          |
| Setting File             | ---          |
| Simulation Activity File | ---          |
| Design Nets Matched      | NA           |
+--------------------------+--------------+
* Specify Design Power Budget using, set_operating_conditions -design_power_budget <value in Watts>


1.1 On-Chip Components
----------------------

+-------------------------+-----------+----------+-----------+-----------------+
| On-Chip                 | Power (W) | Used     | Available | Utilization (%) |
+-------------------------+-----------+----------+-----------+-----------------+
| Clocks                  |     0.028 |        3 |       --- |             --- |
| Slice Logic             |     0.003 |    39894 |       --- |             --- |
|   LUT as Logic          |     0.002 |    17828 |     20800 |           85.71 |
|   CARRY4                |    <0.001 |      728 |      8150 |            8.93 |
|   Register              |    <0.001 |    16136 |     41600 |           38.79 |
|   LUT as Shift Register |    <0.001 |       77 |      9600 |            0.80 |
|   F7/F8 Muxes           |    <0.001 |     2481 |     32600 |            7.61 |
|   Others                |     0.000 |       83 |       --- |             --- |
| Signals                 |     0.003 |    32159 |       --- |             --- |
| Block RAM               |     0.089 |       36 |        50 |           72.00 |
| DSPs                    |    <0.001 |       19 |        90 |           21.11 |
| I/O                     |     0.003 |       34 |       106 |           32.08 |
| Static Power            |     0.074 |          |           |                 |
| Total                   |     0.200 |          |           |                 |
+-------------------------+-----------+----------+-----------+-----------------+


1.2 Power Supply Summary
------------------------

+-----------+-------------+-----------+-------------+------------+
| Source    | Voltage (V) | Total (A) | Dynamic (A) | Static (A) |
+-----------+-------------+-----------+-------------+------------+
| Vccint    |       1.000 |     0.126 |       0.115 |      0.011 |
| Vccaux    |       1.800 |     0.013 |       0.000 |      0.013 |
| Vcco33    |       3.300 |     0.002 |       0.001 |      0.001 |
| Vcco25    |       2.500 |     0.000 |       0.000 |      0.000 |
| Vcco18    |       1.800 |     0.000 |       0.000 |      0.000 |
| Vcco15    |       1.500 |     0.000 |       0.000 |      0.000 |
| Vcco135   |       1.350 |     0.000 |       0.000 |      0.000 |
| Vcco12    |       1.200 |     0.000 |       0.000 |      0.000 |
| Vccaux_io |       1.800 |     0.000 |       0.000 |      0.000 |
| Vccbram   |       1.000 |     0.009 |       0.008 |      0.001 |
| MGTAVcc   |       1.000 |     0.000 |       0.000 |      0.000 |
| MGTAVtt   |       1.200 |     0.000 |       0.000 |      0.000 |
| Vccadc    |       1.800 |     0.020 |       0.000 |      0.020 |
+-----------+-------------+-----------+-------------+------------+


1.3 Confidence Level
--------------------

+-----------------------------+------------+--------------------------------------------------------+------------------------------------------------------------------------------------------------------------+
| User Input Data             | Confidence | Details                                                | Action                                                                                                     |
+-----------------------------+------------+--------------------------------------------------------+------------------------------------------------------------------------------------------------------------+
| Design implementation state | High       | Design is routed                                       |                                                                                                            |
| Clock nodes activity        | High       | User specified more than 95% of clocks                 |                                                                                                            |
| I/O nodes activity          | Low        | More than 75% of inputs are missing user specification | Provide missing input activity with simulation results or by editing the "By Resource Type -> I/Os" view   |
| Internal nodes activity     | Medium     | User specified less than 25% of internal nodes         | Provide missing internal nodes activity with simulation results or by editing the "By Resource Type" views |
| Device models               | High       | Device models are Production                           |                                                                                                            |
|                             |            |                                                        |                                                                                                            |
| Overall confidence level    | Low        |                                                        |                                                                                                            |
+-----------------------------+------------+--------------------------------------------------------+------------------------------------------------------------------------------------------------------------+


2. Settings
-----------

2.1 Environment
---------------

+-----------------------+--------------------------+
| Ambient Temp (C)      | 25.0                     |
| ThetaJA (C/W)         | 5.0                      |
| Airflow (LFM)         | 250                      |
| Heat Sink             | medium (Medium Profile)  |
| ThetaSA (C/W)         | 4.6                      |
| Board Selection       | medium (10"x10")         |
| # of Board Layers     | 12to15 (12 to 15 Layers) |
| Board Temperature (C) | 25.0                     |
+-----------------------+--------------------------+


2.2 Clock Constraints
---------------------

+-------------+-----------+-----------------+
| Clock       | Domain    | Constraint (ns) |
+-------------+-----------+-----------------+
| sys_clk_pin | CLK100MHZ |            13.3 |
+-------------+-----------+-----------------+


3. Detailed Reports
-------------------

3.1 By Hierarchy
----------------

+----------------------------------------------------------------------+-----------+
| Name                                                                 | Power (W) |
+----------------------------------------------------------------------+-----------+
| basys3_comm_top                                                      |     0.126 |
|   comm                                                               |     0.001 |
|     u_rx                                                             |    <0.001 |
|     u_tx                                                             |    <0.001 |
|   display                                                            |    <0.001 |
|   global_memory                                                      |     0.084 |
|     bank0                                                            |     0.024 |
|     bank1                                                            |     0.024 |
|     bank2                                                            |     0.024 |
|     bank3                                                            |     0.012 |
|   gpu                                                                |     0.036 |
|     cores[0].core                                                    |     0.036 |
|       program_store                                                  |     0.005 |
|       simt                                                           |     0.017 |
|         blocks[0].block_unit                                         |     0.017 |
|           warps[0].warp_unit                                         |     0.017 |
|             gen_shared_float.shared_float_units[0].shared_float_unit |     0.003 |
|               gen_add_sub.add_sub_unit                               |     0.003 |
|               gen_mul.mul_unit                                       |    <0.001 |
|             lanes[0].thread_lane                                     |     0.003 |
|               execute_unit                                           |     0.002 |
|                 div_unit                                             |     0.002 |
|                 mul_unit                                             |    <0.001 |
|               registers                                              |    <0.001 |
|             lanes[1].thread_lane                                     |     0.003 |
|               execute_unit                                           |     0.002 |
|                 div_unit                                             |     0.002 |
|                 mul_unit                                             |    <0.001 |
|               registers                                              |    <0.001 |
|             lanes[2].thread_lane                                     |     0.003 |
|               execute_unit                                           |     0.002 |
|                 div_unit                                             |     0.002 |
|                 mul_unit                                             |    <0.001 |
|               registers                                              |    <0.001 |
|             lanes[3].thread_lane                                     |     0.003 |
|               execute_unit                                           |     0.002 |
|                 div_unit                                             |     0.001 |
|                 mul_unit                                             |    <0.001 |
|               registers                                              |    <0.001 |
|   memory_bus                                                         |    <0.001 |
+----------------------------------------------------------------------+-----------+


